Analysis & Synthesis report for rect
Sun May 08 16:21:38 2016
Quartus II 64-Bit Version 13.0.1 Build 232 06/12/2013 Service Pack 1 SJ Full Version


---------------------
; Table of Contents ;
---------------------
  1. Legal Notice
  2. Analysis & Synthesis Summary
  3. Analysis & Synthesis Settings
  4. Parallel Compilation
  5. Analysis & Synthesis Source Files Read
  6. Analysis & Synthesis Resource Usage Summary
  7. Analysis & Synthesis Resource Utilization by Entity
  8. State Machine - |rect|get_square_intensity:gttgftfg|get_square_intensity_core:get_square_intensity_core_inst|get_square_intensity_core_fsm:get_square_intensity_core_fsm_inst|state_var
  9. State Machine - |rect|get_square_intensity:inst2|get_square_intensity_core:get_square_intensity_core_inst|get_square_intensity_core_fsm:get_square_intensity_core_fsm_inst|state_var
 10. Registers Removed During Synthesis
 11. General Register Statistics
 12. Parameter Settings for User Entity Instance: get_square_intensity:inst2|mgc_in_wire:vga_xy_rsc_mgc_in_wire
 13. Parameter Settings for User Entity Instance: get_square_intensity:inst2|mgc_in_wire:x_top_left_rsc_mgc_in_wire
 14. Parameter Settings for User Entity Instance: get_square_intensity:inst2|mgc_in_wire:y_top_left_rsc_mgc_in_wire
 15. Parameter Settings for User Entity Instance: get_square_intensity:inst2|mgc_in_wire:width_rsc_mgc_in_wire
 16. Parameter Settings for User Entity Instance: get_square_intensity:inst2|mgc_in_wire:height_rsc_mgc_in_wire
 17. Parameter Settings for User Entity Instance: get_square_intensity:inst2|mgc_in_wire:video_in_rsc_mgc_in_wire
 18. Parameter Settings for User Entity Instance: get_square_intensity:inst2|mgc_out_stdreg:white_or_not_rsc_mgc_out_stdreg
 19. Parameter Settings for User Entity Instance: get_square_intensity:inst2|mgc_out_stdreg:last_pixel_rsc_mgc_out_stdreg
 20. Parameter Settings for User Entity Instance: get_square_intensity:inst2|get_square_intensity_core:get_square_intensity_core_inst|get_square_intensity_core_fsm:get_square_intensity_core_fsm_inst
 21. Parameter Settings for User Entity Instance: get_square_intensity:gttgftfg|mgc_in_wire:vga_xy_rsc_mgc_in_wire
 22. Parameter Settings for User Entity Instance: get_square_intensity:gttgftfg|mgc_in_wire:x_top_left_rsc_mgc_in_wire
 23. Parameter Settings for User Entity Instance: get_square_intensity:gttgftfg|mgc_in_wire:y_top_left_rsc_mgc_in_wire
 24. Parameter Settings for User Entity Instance: get_square_intensity:gttgftfg|mgc_in_wire:width_rsc_mgc_in_wire
 25. Parameter Settings for User Entity Instance: get_square_intensity:gttgftfg|mgc_in_wire:height_rsc_mgc_in_wire
 26. Parameter Settings for User Entity Instance: get_square_intensity:gttgftfg|mgc_in_wire:video_in_rsc_mgc_in_wire
 27. Parameter Settings for User Entity Instance: get_square_intensity:gttgftfg|mgc_out_stdreg:white_or_not_rsc_mgc_out_stdreg
 28. Parameter Settings for User Entity Instance: get_square_intensity:gttgftfg|mgc_out_stdreg:last_pixel_rsc_mgc_out_stdreg
 29. Parameter Settings for User Entity Instance: get_square_intensity:gttgftfg|get_square_intensity_core:get_square_intensity_core_inst|get_square_intensity_core_fsm:get_square_intensity_core_fsm_inst
 30. Port Connectivity Checks: "get_square_intensity:inst2|get_square_intensity_core:get_square_intensity_core_inst|get_square_intensity_core_fsm:get_square_intensity_core_fsm_inst"
 31. Elapsed Time Per Partition
 32. Analysis & Synthesis Messages



----------------
; Legal Notice ;
----------------
Copyright (C) 1991-2013 Altera Corporation
Your use of Altera Corporation's design tools, logic functions 
and other software and tools, and its AMPP partner logic 
functions, and any output files from any of the foregoing 
(including device programming or simulation files), and any 
associated documentation or information are expressly subject 
to the terms and conditions of the Altera Program License 
Subscription Agreement, Altera MegaCore Function License 
Agreement, or other applicable license agreement, including, 
without limitation, that your use is for the sole purpose of 
programming logic devices manufactured by Altera and sold by 
Altera or its authorized distributors.  Please refer to the 
applicable agreement for further details.



+---------------------------------------------------------------------------------------+
; Analysis & Synthesis Summary                                                          ;
+------------------------------------+--------------------------------------------------+
; Analysis & Synthesis Status        ; Successful - Sun May 08 16:21:38 2016            ;
; Quartus II 64-Bit Version          ; 13.0.1 Build 232 06/12/2013 SP 1 SJ Full Version ;
; Revision Name                      ; rect                                             ;
; Top-level Entity Name              ; rect                                             ;
; Family                             ; Cyclone III                                      ;
; Total logic elements               ; 630                                              ;
;     Total combinational functions  ; 627                                              ;
;     Dedicated logic registers      ; 170                                              ;
; Total registers                    ; 170                                              ;
; Total pins                         ; 446                                              ;
; Total virtual pins                 ; 0                                                ;
; Total memory bits                  ; 0                                                ;
; Embedded Multiplier 9-bit elements ; 0                                                ;
; Total PLLs                         ; 0                                                ;
+------------------------------------+--------------------------------------------------+


+----------------------------------------------------------------------------------------------------------------------+
; Analysis & Synthesis Settings                                                                                        ;
+----------------------------------------------------------------------------+--------------------+--------------------+
; Option                                                                     ; Setting            ; Default Value      ;
+----------------------------------------------------------------------------+--------------------+--------------------+
; Device                                                                     ; EP3C16F484C6       ;                    ;
; Top-level entity name                                                      ; rect               ; rect               ;
; Family name                                                                ; Cyclone III        ; Cyclone IV GX      ;
; Use smart compilation                                                      ; Off                ; Off                ;
; Enable parallel Assembler and TimeQuest Timing Analyzer during compilation ; On                 ; On                 ;
; Enable compact report table                                                ; Off                ; Off                ;
; Restructure Multiplexers                                                   ; Auto               ; Auto               ;
; Create Debugging Nodes for IP Cores                                        ; Off                ; Off                ;
; Preserve fewer node names                                                  ; On                 ; On                 ;
; Disable OpenCore Plus hardware evaluation                                  ; Off                ; Off                ;
; Verilog Version                                                            ; Verilog_2001       ; Verilog_2001       ;
; VHDL Version                                                               ; VHDL_1993          ; VHDL_1993          ;
; State Machine Processing                                                   ; Auto               ; Auto               ;
; Safe State Machine                                                         ; Off                ; Off                ;
; Extract Verilog State Machines                                             ; On                 ; On                 ;
; Extract VHDL State Machines                                                ; On                 ; On                 ;
; Ignore Verilog initial constructs                                          ; Off                ; Off                ;
; Iteration limit for constant Verilog loops                                 ; 5000               ; 5000               ;
; Iteration limit for non-constant Verilog loops                             ; 250                ; 250                ;
; Add Pass-Through Logic to Inferred RAMs                                    ; On                 ; On                 ;
; Infer RAMs from Raw Logic                                                  ; On                 ; On                 ;
; Parallel Synthesis                                                         ; On                 ; On                 ;
; DSP Block Balancing                                                        ; Auto               ; Auto               ;
; NOT Gate Push-Back                                                         ; On                 ; On                 ;
; Power-Up Don't Care                                                        ; On                 ; On                 ;
; Remove Redundant Logic Cells                                               ; Off                ; Off                ;
; Remove Duplicate Registers                                                 ; On                 ; On                 ;
; Ignore CARRY Buffers                                                       ; Off                ; Off                ;
; Ignore CASCADE Buffers                                                     ; Off                ; Off                ;
; Ignore GLOBAL Buffers                                                      ; Off                ; Off                ;
; Ignore ROW GLOBAL Buffers                                                  ; Off                ; Off                ;
; Ignore LCELL Buffers                                                       ; Off                ; Off                ;
; Ignore SOFT Buffers                                                        ; On                 ; On                 ;
; Limit AHDL Integers to 32 Bits                                             ; Off                ; Off                ;
; Optimization Technique                                                     ; Balanced           ; Balanced           ;
; Carry Chain Length                                                         ; 70                 ; 70                 ;
; Auto Carry Chains                                                          ; On                 ; On                 ;
; Auto Open-Drain Pins                                                       ; On                 ; On                 ;
; Perform WYSIWYG Primitive Resynthesis                                      ; Off                ; Off                ;
; Auto ROM Replacement                                                       ; On                 ; On                 ;
; Auto RAM Replacement                                                       ; On                 ; On                 ;
; Auto DSP Block Replacement                                                 ; On                 ; On                 ;
; Auto Shift Register Replacement                                            ; Auto               ; Auto               ;
; Allow Shift Register Merging across Hierarchies                            ; Auto               ; Auto               ;
; Auto Clock Enable Replacement                                              ; On                 ; On                 ;
; Strict RAM Replacement                                                     ; Off                ; Off                ;
; Allow Synchronous Control Signals                                          ; On                 ; On                 ;
; Force Use of Synchronous Clear Signals                                     ; Off                ; Off                ;
; Auto RAM Block Balancing                                                   ; On                 ; On                 ;
; Auto RAM to Logic Cell Conversion                                          ; Off                ; Off                ;
; Auto Resource Sharing                                                      ; Off                ; Off                ;
; Allow Any RAM Size For Recognition                                         ; Off                ; Off                ;
; Allow Any ROM Size For Recognition                                         ; Off                ; Off                ;
; Allow Any Shift Register Size For Recognition                              ; Off                ; Off                ;
; Use LogicLock Constraints during Resource Balancing                        ; On                 ; On                 ;
; Ignore translate_off and synthesis_off directives                          ; Off                ; Off                ;
; Timing-Driven Synthesis                                                    ; On                 ; On                 ;
; Report Parameter Settings                                                  ; On                 ; On                 ;
; Report Source Assignments                                                  ; On                 ; On                 ;
; Report Connectivity Checks                                                 ; On                 ; On                 ;
; Ignore Maximum Fan-Out Assignments                                         ; Off                ; Off                ;
; Synchronization Register Chain Length                                      ; 2                  ; 2                  ;
; PowerPlay Power Optimization                                               ; Normal compilation ; Normal compilation ;
; HDL message level                                                          ; Level2             ; Level2             ;
; Suppress Register Optimization Related Messages                            ; Off                ; Off                ;
; Number of Removed Registers Reported in Synthesis Report                   ; 5000               ; 5000               ;
; Number of Swept Nodes Reported in Synthesis Report                         ; 5000               ; 5000               ;
; Number of Inverted Registers Reported in Synthesis Report                  ; 100                ; 100                ;
; Clock MUX Protection                                                       ; On                 ; On                 ;
; Auto Gated Clock Conversion                                                ; Off                ; Off                ;
; Block Design Naming                                                        ; Auto               ; Auto               ;
; SDC constraint protection                                                  ; Off                ; Off                ;
; Synthesis Effort                                                           ; Auto               ; Auto               ;
; Shift Register Replacement - Allow Asynchronous Clear Signal               ; On                 ; On                 ;
; Pre-Mapping Resynthesis Optimization                                       ; Off                ; Off                ;
; Analysis & Synthesis Message Level                                         ; Medium             ; Medium             ;
; Disable Register Merging Across Hierarchies                                ; Auto               ; Auto               ;
; Resource Aware Inference For Block RAM                                     ; On                 ; On                 ;
; Synthesis Seed                                                             ; 1                  ; 1                  ;
+----------------------------------------------------------------------------+--------------------+--------------------+


+------------------------------------------+
; Parallel Compilation                     ;
+----------------------------+-------------+
; Processors                 ; Number      ;
+----------------------------+-------------+
; Number detected on machine ; 8           ;
; Maximum allowed            ; 4           ;
;                            ;             ;
; Average used               ; 1.00        ;
; Maximum used               ; 1           ;
;                            ;             ;
; Usage by Processor         ; % Time Used ;
;     Processor 1            ; 100.0%      ;
;     Processors 2-8         ;   0.0%      ;
+----------------------------+-------------+


+----------------------------------------------------------------------------------------------------------------------------------------------------------------+
; Analysis & Synthesis Source Files Read                                                                                                                         ;
+----------------------------------+-----------------+------------------------------------+------------------------------------------------------------+---------+
; File Name with User-Entered Path ; Used in Netlist ; File Type                          ; File Name with Absolute Path                               ; Library ;
+----------------------------------+-----------------+------------------------------------+------------------------------------------------------------+---------+
; rect.bdf                         ; yes             ; User Block Diagram/Schematic File  ; C:/git/final_project/rect_component/rect.bdf               ;         ;
; sync_adder.v                     ; yes             ; User Verilog HDL File              ; C:/git/final_project/rect_component/sync_adder.v           ;         ;
; get_square_intensity.v           ; yes             ; User Verilog HDL File              ; C:/git/final_project/rect_component/get_square_intensity.v ;         ;
; rtl_mgc_ioport.v                 ; yes             ; User Verilog HDL File              ; C:/git/final_project/rect_component/rtl_mgc_ioport.v       ;         ;
+----------------------------------+-----------------+------------------------------------+------------------------------------------------------------+---------+


+---------------------------------------------------------+
; Analysis & Synthesis Resource Usage Summary             ;
+---------------------------------------------+-----------+
; Resource                                    ; Usage     ;
+---------------------------------------------+-----------+
; Estimated Total logic elements              ; 630       ;
;                                             ;           ;
; Total combinational functions               ; 627       ;
; Logic element usage by number of LUT inputs ;           ;
;     -- 4 input functions                    ; 249       ;
;     -- 3 input functions                    ; 189       ;
;     -- <=2 input functions                  ; 189       ;
;                                             ;           ;
; Logic elements by mode                      ;           ;
;     -- normal mode                          ; 307       ;
;     -- arithmetic mode                      ; 320       ;
;                                             ;           ;
; Total registers                             ; 170       ;
;     -- Dedicated logic registers            ; 170       ;
;     -- I/O registers                        ; 0         ;
;                                             ;           ;
; I/O pins                                    ; 446       ;
; Embedded Multiplier 9-bit elements          ; 0         ;
; Maximum fan-out node                        ; clk~input ;
; Maximum fan-out                             ; 168       ;
; Total fan-out                               ; 2768      ;
; Average fan-out                             ; 1.64      ;
+---------------------------------------------+-----------+


+------------------------------------------------------------------------------------------------------------------------------------------------------------------------------------------------------------------------------------------------------------------------------------------------------------------------------------------------------------------------+
; Analysis & Synthesis Resource Utilization by Entity                                                                                                                                                                                                                                                                                                                    ;
+-----------------------------------------------------------------------------+-------------------+--------------+-------------+--------------+---------+-----------+------+--------------+---------------------------------------------------------------------------------------------------------------------------------------------------------------+--------------+
; Compilation Hierarchy Node                                                  ; LC Combinationals ; LC Registers ; Memory Bits ; DSP Elements ; DSP 9x9 ; DSP 18x18 ; Pins ; Virtual Pins ; Full Hierarchy Name                                                                                                                                           ; Library Name ;
+-----------------------------------------------------------------------------+-------------------+--------------+-------------+--------------+---------+-----------+------+--------------+---------------------------------------------------------------------------------------------------------------------------------------------------------------+--------------+
; |rect                                                                       ; 627 (0)           ; 170 (2)      ; 0           ; 0            ; 0       ; 0         ; 446  ; 0            ; |rect                                                                                                                                                         ; work         ;
;    |get_square_intensity:gttgftfg|                                          ; 106 (0)           ; 27 (0)       ; 0           ; 0            ; 0       ; 0         ; 0    ; 0            ; |rect|get_square_intensity:gttgftfg                                                                                                                           ; work         ;
;       |get_square_intensity_core:get_square_intensity_core_inst|            ; 106 (104)         ; 27 (24)      ; 0           ; 0            ; 0       ; 0         ; 0    ; 0            ; |rect|get_square_intensity:gttgftfg|get_square_intensity_core:get_square_intensity_core_inst                                                                  ; work         ;
;          |get_square_intensity_core_fsm:get_square_intensity_core_fsm_inst| ; 2 (2)             ; 3 (3)        ; 0           ; 0            ; 0       ; 0         ; 0    ; 0            ; |rect|get_square_intensity:gttgftfg|get_square_intensity_core:get_square_intensity_core_inst|get_square_intensity_core_fsm:get_square_intensity_core_fsm_inst ; work         ;
;    |get_square_intensity:inst2|                                             ; 163 (0)           ; 11 (0)       ; 0           ; 0            ; 0       ; 0         ; 0    ; 0            ; |rect|get_square_intensity:inst2                                                                                                                              ; work         ;
;       |get_square_intensity_core:get_square_intensity_core_inst|            ; 163 (163)         ; 11 (11)      ; 0           ; 0            ; 0       ; 0         ; 0    ; 0            ; |rect|get_square_intensity:inst2|get_square_intensity_core:get_square_intensity_core_inst                                                                     ; work         ;
;    |sync_adder:asdasdasda|                                                  ; 180 (180)         ; 65 (65)      ; 0           ; 0            ; 0       ; 0         ; 0    ; 0            ; |rect|sync_adder:asdasdasda                                                                                                                                   ; work         ;
;    |sync_adder:inst|                                                        ; 178 (178)         ; 65 (65)      ; 0           ; 0            ; 0       ; 0         ; 0    ; 0            ; |rect|sync_adder:inst                                                                                                                                         ; work         ;
+-----------------------------------------------------------------------------+-------------------+--------------+-------------+--------------+---------+-----------+------+--------------+---------------------------------------------------------------------------------------------------------------------------------------------------------------+--------------+
Note: For table entries with two numbers listed, the numbers in parentheses indicate the number of resources of the given type used by the specific entity alone. The numbers listed outside of parentheses indicate the total resources of the given type used by the specific entity and all of its sub-entities in the hierarchy.


Encoding Type:  One-Hot
+-----------------------------------------------------------------------------------------------------------------------------------------------------------------------------------------+
; State Machine - |rect|get_square_intensity:gttgftfg|get_square_intensity_core:get_square_intensity_core_inst|get_square_intensity_core_fsm:get_square_intensity_core_fsm_inst|state_var ;
+---------------------+-------------------+---------------------+-------------------------------------------------------------------------------------------------------------------------+
; Name                ; state_var.st_main ; state_var.st_main_2 ; state_var.st_main_1                                                                                                     ;
+---------------------+-------------------+---------------------+-------------------------------------------------------------------------------------------------------------------------+
; state_var.st_main   ; 0                 ; 0                   ; 0                                                                                                                       ;
; state_var.st_main_1 ; 1                 ; 0                   ; 1                                                                                                                       ;
; state_var.st_main_2 ; 1                 ; 1                   ; 0                                                                                                                       ;
+---------------------+-------------------+---------------------+-------------------------------------------------------------------------------------------------------------------------+


Encoding Type:  One-Hot
+--------------------------------------------------------------------------------------------------------------------------------------------------------------------------------------+
; State Machine - |rect|get_square_intensity:inst2|get_square_intensity_core:get_square_intensity_core_inst|get_square_intensity_core_fsm:get_square_intensity_core_fsm_inst|state_var ;
+---------------------+-------------------+---------------------+----------------------------------------------------------------------------------------------------------------------+
; Name                ; state_var.st_main ; state_var.st_main_2 ; state_var.st_main_1                                                                                                  ;
+---------------------+-------------------+---------------------+----------------------------------------------------------------------------------------------------------------------+
; state_var.st_main   ; 0                 ; 0                   ; 0                                                                                                                    ;
; state_var.st_main_1 ; 1                 ; 0                   ; 1                                                                                                                    ;
; state_var.st_main_2 ; 1                 ; 1                   ; 0                                                                                                                    ;
+---------------------+-------------------+---------------------+----------------------------------------------------------------------------------------------------------------------+


+--------------------------------------------------------------------------------------------------------------------------------------------------------------------------------------------------------------------------------------------------------------------------------------------------------------------------------------------------------------------+
; Registers Removed During Synthesis                                                                                                                                                                                                                                                                                                                                 ;
+--------------------------------------------------------------------------------------------------------------------------------------------------------------------------+-----------------------------------------------------------------------------------------------------------------------------------------------------------------------------------------+
; Register name                                                                                                                                                            ; Reason for Removal                                                                                                                                                                      ;
+--------------------------------------------------------------------------------------------------------------------------------------------------------------------------+-----------------------------------------------------------------------------------------------------------------------------------------------------------------------------------------+
; get_square_intensity:inst2|get_square_intensity_core:get_square_intensity_core_inst|slc_2_itm                                                                            ; Merged with get_square_intensity:gttgftfg|get_square_intensity_core:get_square_intensity_core_inst|slc_2_itm                                                                            ;
; get_square_intensity:inst2|get_square_intensity_core:get_square_intensity_core_inst|slc_17_itm[5]                                                                        ; Merged with get_square_intensity:gttgftfg|get_square_intensity_core:get_square_intensity_core_inst|slc_17_itm[5]                                                                        ;
; get_square_intensity:inst2|get_square_intensity_core:get_square_intensity_core_inst|slc_17_itm[4]                                                                        ; Merged with get_square_intensity:gttgftfg|get_square_intensity_core:get_square_intensity_core_inst|slc_17_itm[4]                                                                        ;
; get_square_intensity:inst2|get_square_intensity_core:get_square_intensity_core_inst|slc_17_itm[3]                                                                        ; Merged with get_square_intensity:gttgftfg|get_square_intensity_core:get_square_intensity_core_inst|slc_17_itm[3]                                                                        ;
; get_square_intensity:inst2|get_square_intensity_core:get_square_intensity_core_inst|slc_17_itm[2]                                                                        ; Merged with get_square_intensity:gttgftfg|get_square_intensity_core:get_square_intensity_core_inst|slc_17_itm[2]                                                                        ;
; get_square_intensity:inst2|get_square_intensity_core:get_square_intensity_core_inst|slc_17_itm[1]                                                                        ; Merged with get_square_intensity:gttgftfg|get_square_intensity_core:get_square_intensity_core_inst|slc_17_itm[1]                                                                        ;
; get_square_intensity:inst2|get_square_intensity_core:get_square_intensity_core_inst|slc_17_itm[0]                                                                        ; Merged with get_square_intensity:gttgftfg|get_square_intensity_core:get_square_intensity_core_inst|slc_17_itm[0]                                                                        ;
; get_square_intensity:inst2|get_square_intensity_core:get_square_intensity_core_inst|reg_acc_imod_1_sva_tmp_1                                                             ; Merged with get_square_intensity:gttgftfg|get_square_intensity_core:get_square_intensity_core_inst|reg_acc_imod_1_sva_tmp_1                                                             ;
; get_square_intensity:inst2|get_square_intensity_core:get_square_intensity_core_inst|reg_acc_idiv_sva_tmp[3]                                                              ; Merged with get_square_intensity:gttgftfg|get_square_intensity_core:get_square_intensity_core_inst|reg_acc_idiv_sva_tmp[3]                                                              ;
; get_square_intensity:inst2|get_square_intensity_core:get_square_intensity_core_inst|reg_acc_idiv_sva_tmp[2]                                                              ; Merged with get_square_intensity:gttgftfg|get_square_intensity_core:get_square_intensity_core_inst|reg_acc_idiv_sva_tmp[2]                                                              ;
; get_square_intensity:inst2|get_square_intensity_core:get_square_intensity_core_inst|reg_acc_idiv_sva_tmp[0]                                                              ; Merged with get_square_intensity:gttgftfg|get_square_intensity_core:get_square_intensity_core_inst|reg_acc_idiv_sva_tmp[0]                                                              ;
; get_square_intensity:inst2|get_square_intensity_core:get_square_intensity_core_inst|reg_acc_imod_sva_tmp[2]                                                              ; Merged with get_square_intensity:gttgftfg|get_square_intensity_core:get_square_intensity_core_inst|reg_acc_imod_sva_tmp[2]                                                              ;
; get_square_intensity:inst2|get_square_intensity_core:get_square_intensity_core_inst|reg_acc_imod_sva_tmp[0]                                                              ; Merged with get_square_intensity:gttgftfg|get_square_intensity_core:get_square_intensity_core_inst|reg_acc_imod_sva_tmp[0]                                                              ;
; get_square_intensity:inst2|get_square_intensity_core:get_square_intensity_core_inst|aif_1_slc_svs                                                                        ; Lost fanout                                                                                                                                                                             ;
; get_square_intensity:gttgftfg|get_square_intensity_core:get_square_intensity_core_inst|aif_1_slc_svs                                                                     ; Lost fanout                                                                                                                                                                             ;
; get_square_intensity:inst2|get_square_intensity_core:get_square_intensity_core_inst|get_square_intensity_core_fsm:get_square_intensity_core_fsm_inst|state_var.st_main_1 ; Merged with get_square_intensity:gttgftfg|get_square_intensity_core:get_square_intensity_core_inst|get_square_intensity_core_fsm:get_square_intensity_core_fsm_inst|state_var.st_main_1 ;
; get_square_intensity:inst2|get_square_intensity_core:get_square_intensity_core_inst|get_square_intensity_core_fsm:get_square_intensity_core_fsm_inst|state_var.st_main   ; Merged with get_square_intensity:gttgftfg|get_square_intensity_core:get_square_intensity_core_inst|get_square_intensity_core_fsm:get_square_intensity_core_fsm_inst|state_var.st_main   ;
; get_square_intensity:inst2|get_square_intensity_core:get_square_intensity_core_inst|get_square_intensity_core_fsm:get_square_intensity_core_fsm_inst|state_var.st_main_2 ; Merged with get_square_intensity:gttgftfg|get_square_intensity_core:get_square_intensity_core_inst|get_square_intensity_core_fsm:get_square_intensity_core_fsm_inst|state_var.st_main_2 ;
; Total Number of Removed Registers = 18                                                                                                                                   ;                                                                                                                                                                                         ;
+--------------------------------------------------------------------------------------------------------------------------------------------------------------------------+-----------------------------------------------------------------------------------------------------------------------------------------------------------------------------------------+


+------------------------------------------------------+
; General Register Statistics                          ;
+----------------------------------------------+-------+
; Statistic                                    ; Value ;
+----------------------------------------------+-------+
; Total registers                              ; 170   ;
; Number of registers using Synchronous Clear  ; 4     ;
; Number of registers using Synchronous Load   ; 0     ;
; Number of registers using Asynchronous Clear ; 40    ;
; Number of registers using Asynchronous Load  ; 0     ;
; Number of registers using Clock Enable       ; 38    ;
; Number of registers using Preset             ; 0     ;
+----------------------------------------------+-------+


+------------------------------------------------------------------------------------------------------------+
; Parameter Settings for User Entity Instance: get_square_intensity:inst2|mgc_in_wire:vga_xy_rsc_mgc_in_wire ;
+----------------+-------+-----------------------------------------------------------------------------------+
; Parameter Name ; Value ; Type                                                                              ;
+----------------+-------+-----------------------------------------------------------------------------------+
; rscid          ; 1     ; Signed Integer                                                                    ;
; width          ; 20    ; Signed Integer                                                                    ;
+----------------+-------+-----------------------------------------------------------------------------------+
Note: In order to hide this table in the UI and the text report file, please set the "Show Parameter Settings in Synthesis Report" option in "Analysis and Synthesis Settings -> More Settings" to "Off".


+----------------------------------------------------------------------------------------------------------------+
; Parameter Settings for User Entity Instance: get_square_intensity:inst2|mgc_in_wire:x_top_left_rsc_mgc_in_wire ;
+----------------+-------+---------------------------------------------------------------------------------------+
; Parameter Name ; Value ; Type                                                                                  ;
+----------------+-------+---------------------------------------------------------------------------------------+
; rscid          ; 2     ; Signed Integer                                                                        ;
; width          ; 10    ; Signed Integer                                                                        ;
+----------------+-------+---------------------------------------------------------------------------------------+
Note: In order to hide this table in the UI and the text report file, please set the "Show Parameter Settings in Synthesis Report" option in "Analysis and Synthesis Settings -> More Settings" to "Off".


+----------------------------------------------------------------------------------------------------------------+
; Parameter Settings for User Entity Instance: get_square_intensity:inst2|mgc_in_wire:y_top_left_rsc_mgc_in_wire ;
+----------------+-------+---------------------------------------------------------------------------------------+
; Parameter Name ; Value ; Type                                                                                  ;
+----------------+-------+---------------------------------------------------------------------------------------+
; rscid          ; 3     ; Signed Integer                                                                        ;
; width          ; 10    ; Signed Integer                                                                        ;
+----------------+-------+---------------------------------------------------------------------------------------+
Note: In order to hide this table in the UI and the text report file, please set the "Show Parameter Settings in Synthesis Report" option in "Analysis and Synthesis Settings -> More Settings" to "Off".


+-----------------------------------------------------------------------------------------------------------+
; Parameter Settings for User Entity Instance: get_square_intensity:inst2|mgc_in_wire:width_rsc_mgc_in_wire ;
+----------------+-------+----------------------------------------------------------------------------------+
; Parameter Name ; Value ; Type                                                                             ;
+----------------+-------+----------------------------------------------------------------------------------+
; rscid          ; 4     ; Signed Integer                                                                   ;
; width          ; 10    ; Signed Integer                                                                   ;
+----------------+-------+----------------------------------------------------------------------------------+
Note: In order to hide this table in the UI and the text report file, please set the "Show Parameter Settings in Synthesis Report" option in "Analysis and Synthesis Settings -> More Settings" to "Off".


+------------------------------------------------------------------------------------------------------------+
; Parameter Settings for User Entity Instance: get_square_intensity:inst2|mgc_in_wire:height_rsc_mgc_in_wire ;
+----------------+-------+-----------------------------------------------------------------------------------+
; Parameter Name ; Value ; Type                                                                              ;
+----------------+-------+-----------------------------------------------------------------------------------+
; rscid          ; 5     ; Signed Integer                                                                    ;
; width          ; 10    ; Signed Integer                                                                    ;
+----------------+-------+-----------------------------------------------------------------------------------+
Note: In order to hide this table in the UI and the text report file, please set the "Show Parameter Settings in Synthesis Report" option in "Analysis and Synthesis Settings -> More Settings" to "Off".


+--------------------------------------------------------------------------------------------------------------+
; Parameter Settings for User Entity Instance: get_square_intensity:inst2|mgc_in_wire:video_in_rsc_mgc_in_wire ;
+----------------+-------+-------------------------------------------------------------------------------------+
; Parameter Name ; Value ; Type                                                                                ;
+----------------+-------+-------------------------------------------------------------------------------------+
; rscid          ; 6     ; Signed Integer                                                                      ;
; width          ; 30    ; Signed Integer                                                                      ;
+----------------+-------+-------------------------------------------------------------------------------------+
Note: In order to hide this table in the UI and the text report file, please set the "Show Parameter Settings in Synthesis Report" option in "Analysis and Synthesis Settings -> More Settings" to "Off".


+------------------------------------------------------------------------------------------------------------------------+
; Parameter Settings for User Entity Instance: get_square_intensity:inst2|mgc_out_stdreg:white_or_not_rsc_mgc_out_stdreg ;
+----------------+-------+-----------------------------------------------------------------------------------------------+
; Parameter Name ; Value ; Type                                                                                          ;
+----------------+-------+-----------------------------------------------------------------------------------------------+
; rscid          ; 7     ; Signed Integer                                                                                ;
; width          ; 1     ; Signed Integer                                                                                ;
+----------------+-------+-----------------------------------------------------------------------------------------------+
Note: In order to hide this table in the UI and the text report file, please set the "Show Parameter Settings in Synthesis Report" option in "Analysis and Synthesis Settings -> More Settings" to "Off".


+----------------------------------------------------------------------------------------------------------------------+
; Parameter Settings for User Entity Instance: get_square_intensity:inst2|mgc_out_stdreg:last_pixel_rsc_mgc_out_stdreg ;
+----------------+-------+---------------------------------------------------------------------------------------------+
; Parameter Name ; Value ; Type                                                                                        ;
+----------------+-------+---------------------------------------------------------------------------------------------+
; rscid          ; 8     ; Signed Integer                                                                              ;
; width          ; 1     ; Signed Integer                                                                              ;
+----------------+-------+---------------------------------------------------------------------------------------------+
Note: In order to hide this table in the UI and the text report file, please set the "Show Parameter Settings in Synthesis Report" option in "Analysis and Synthesis Settings -> More Settings" to "Off".


+---------------------------------------------------------------------------------------------------------------------------------------------------------------------------------------------------+
; Parameter Settings for User Entity Instance: get_square_intensity:inst2|get_square_intensity_core:get_square_intensity_core_inst|get_square_intensity_core_fsm:get_square_intensity_core_fsm_inst ;
+----------------+-------+--------------------------------------------------------------------------------------------------------------------------------------------------------------------------+
; Parameter Name ; Value ; Type                                                                                                                                                                     ;
+----------------+-------+--------------------------------------------------------------------------------------------------------------------------------------------------------------------------+
; st_main        ; 00    ; Unsigned Binary                                                                                                                                                          ;
; st_main_1      ; 01    ; Unsigned Binary                                                                                                                                                          ;
; st_main_2      ; 10    ; Unsigned Binary                                                                                                                                                          ;
; state_x        ; 00    ; Unsigned Binary                                                                                                                                                          ;
+----------------+-------+--------------------------------------------------------------------------------------------------------------------------------------------------------------------------+
Note: In order to hide this table in the UI and the text report file, please set the "Show Parameter Settings in Synthesis Report" option in "Analysis and Synthesis Settings -> More Settings" to "Off".


+---------------------------------------------------------------------------------------------------------------+
; Parameter Settings for User Entity Instance: get_square_intensity:gttgftfg|mgc_in_wire:vga_xy_rsc_mgc_in_wire ;
+----------------+-------+--------------------------------------------------------------------------------------+
; Parameter Name ; Value ; Type                                                                                 ;
+----------------+-------+--------------------------------------------------------------------------------------+
; rscid          ; 1     ; Signed Integer                                                                       ;
; width          ; 20    ; Signed Integer                                                                       ;
+----------------+-------+--------------------------------------------------------------------------------------+
Note: In order to hide this table in the UI and the text report file, please set the "Show Parameter Settings in Synthesis Report" option in "Analysis and Synthesis Settings -> More Settings" to "Off".


+-------------------------------------------------------------------------------------------------------------------+
; Parameter Settings for User Entity Instance: get_square_intensity:gttgftfg|mgc_in_wire:x_top_left_rsc_mgc_in_wire ;
+----------------+-------+------------------------------------------------------------------------------------------+
; Parameter Name ; Value ; Type                                                                                     ;
+----------------+-------+------------------------------------------------------------------------------------------+
; rscid          ; 2     ; Signed Integer                                                                           ;
; width          ; 10    ; Signed Integer                                                                           ;
+----------------+-------+------------------------------------------------------------------------------------------+
Note: In order to hide this table in the UI and the text report file, please set the "Show Parameter Settings in Synthesis Report" option in "Analysis and Synthesis Settings -> More Settings" to "Off".


+-------------------------------------------------------------------------------------------------------------------+
; Parameter Settings for User Entity Instance: get_square_intensity:gttgftfg|mgc_in_wire:y_top_left_rsc_mgc_in_wire ;
+----------------+-------+------------------------------------------------------------------------------------------+
; Parameter Name ; Value ; Type                                                                                     ;
+----------------+-------+------------------------------------------------------------------------------------------+
; rscid          ; 3     ; Signed Integer                                                                           ;
; width          ; 10    ; Signed Integer                                                                           ;
+----------------+-------+------------------------------------------------------------------------------------------+
Note: In order to hide this table in the UI and the text report file, please set the "Show Parameter Settings in Synthesis Report" option in "Analysis and Synthesis Settings -> More Settings" to "Off".


+--------------------------------------------------------------------------------------------------------------+
; Parameter Settings for User Entity Instance: get_square_intensity:gttgftfg|mgc_in_wire:width_rsc_mgc_in_wire ;
+----------------+-------+-------------------------------------------------------------------------------------+
; Parameter Name ; Value ; Type                                                                                ;
+----------------+-------+-------------------------------------------------------------------------------------+
; rscid          ; 4     ; Signed Integer                                                                      ;
; width          ; 10    ; Signed Integer                                                                      ;
+----------------+-------+-------------------------------------------------------------------------------------+
Note: In order to hide this table in the UI and the text report file, please set the "Show Parameter Settings in Synthesis Report" option in "Analysis and Synthesis Settings -> More Settings" to "Off".


+---------------------------------------------------------------------------------------------------------------+
; Parameter Settings for User Entity Instance: get_square_intensity:gttgftfg|mgc_in_wire:height_rsc_mgc_in_wire ;
+----------------+-------+--------------------------------------------------------------------------------------+
; Parameter Name ; Value ; Type                                                                                 ;
+----------------+-------+--------------------------------------------------------------------------------------+
; rscid          ; 5     ; Signed Integer                                                                       ;
; width          ; 10    ; Signed Integer                                                                       ;
+----------------+-------+--------------------------------------------------------------------------------------+
Note: In order to hide this table in the UI and the text report file, please set the "Show Parameter Settings in Synthesis Report" option in "Analysis and Synthesis Settings -> More Settings" to "Off".


+-----------------------------------------------------------------------------------------------------------------+
; Parameter Settings for User Entity Instance: get_square_intensity:gttgftfg|mgc_in_wire:video_in_rsc_mgc_in_wire ;
+----------------+-------+----------------------------------------------------------------------------------------+
; Parameter Name ; Value ; Type                                                                                   ;
+----------------+-------+----------------------------------------------------------------------------------------+
; rscid          ; 6     ; Signed Integer                                                                         ;
; width          ; 30    ; Signed Integer                                                                         ;
+----------------+-------+----------------------------------------------------------------------------------------+
Note: In order to hide this table in the UI and the text report file, please set the "Show Parameter Settings in Synthesis Report" option in "Analysis and Synthesis Settings -> More Settings" to "Off".


+---------------------------------------------------------------------------------------------------------------------------+
; Parameter Settings for User Entity Instance: get_square_intensity:gttgftfg|mgc_out_stdreg:white_or_not_rsc_mgc_out_stdreg ;
+----------------+-------+--------------------------------------------------------------------------------------------------+
; Parameter Name ; Value ; Type                                                                                             ;
+----------------+-------+--------------------------------------------------------------------------------------------------+
; rscid          ; 7     ; Signed Integer                                                                                   ;
; width          ; 1     ; Signed Integer                                                                                   ;
+----------------+-------+--------------------------------------------------------------------------------------------------+
Note: In order to hide this table in the UI and the text report file, please set the "Show Parameter Settings in Synthesis Report" option in "Analysis and Synthesis Settings -> More Settings" to "Off".


+-------------------------------------------------------------------------------------------------------------------------+
; Parameter Settings for User Entity Instance: get_square_intensity:gttgftfg|mgc_out_stdreg:last_pixel_rsc_mgc_out_stdreg ;
+----------------+-------+------------------------------------------------------------------------------------------------+
; Parameter Name ; Value ; Type                                                                                           ;
+----------------+-------+------------------------------------------------------------------------------------------------+
; rscid          ; 8     ; Signed Integer                                                                                 ;
; width          ; 1     ; Signed Integer                                                                                 ;
+----------------+-------+------------------------------------------------------------------------------------------------+
Note: In order to hide this table in the UI and the text report file, please set the "Show Parameter Settings in Synthesis Report" option in "Analysis and Synthesis Settings -> More Settings" to "Off".


+------------------------------------------------------------------------------------------------------------------------------------------------------------------------------------------------------+
; Parameter Settings for User Entity Instance: get_square_intensity:gttgftfg|get_square_intensity_core:get_square_intensity_core_inst|get_square_intensity_core_fsm:get_square_intensity_core_fsm_inst ;
+----------------+-------+-----------------------------------------------------------------------------------------------------------------------------------------------------------------------------+
; Parameter Name ; Value ; Type                                                                                                                                                                        ;
+----------------+-------+-----------------------------------------------------------------------------------------------------------------------------------------------------------------------------+
; st_main        ; 00    ; Unsigned Binary                                                                                                                                                             ;
; st_main_1      ; 01    ; Unsigned Binary                                                                                                                                                             ;
; st_main_2      ; 10    ; Unsigned Binary                                                                                                                                                             ;
; state_x        ; 00    ; Unsigned Binary                                                                                                                                                             ;
+----------------+-------+-----------------------------------------------------------------------------------------------------------------------------------------------------------------------------+
Note: In order to hide this table in the UI and the text report file, please set the "Show Parameter Settings in Synthesis Report" option in "Analysis and Synthesis Settings -> More Settings" to "Off".


+----------------------------------------------------------------------------------------------------------------------------------------------------------------------------------+
; Port Connectivity Checks: "get_square_intensity:inst2|get_square_intensity_core:get_square_intensity_core_inst|get_square_intensity_core_fsm:get_square_intensity_core_fsm_inst" ;
+---------------+--------+----------+----------------------------------------------------------------------------------------------------------------------------------------------+
; Port          ; Type   ; Severity ; Details                                                                                                                                      ;
+---------------+--------+----------+----------------------------------------------------------------------------------------------------------------------------------------------+
; fsm_output[2] ; Output ; Info     ; Connected to dangling logic. Logic that only feeds a dangling port will be removed.                                                          ;
+---------------+--------+----------+----------------------------------------------------------------------------------------------------------------------------------------------+


+-------------------------------+
; Elapsed Time Per Partition    ;
+----------------+--------------+
; Partition Name ; Elapsed Time ;
+----------------+--------------+
; Top            ; 00:00:07     ;
+----------------+--------------+


+-------------------------------+
; Analysis & Synthesis Messages ;
+-------------------------------+
Info: *******************************************************************
Info: Running Quartus II 64-Bit Analysis & Synthesis
    Info: Version 13.0.1 Build 232 06/12/2013 Service Pack 1 SJ Full Version
    Info: Processing started: Sun May 08 16:21:28 2016
Info: Command: quartus_map --read_settings_files=on --write_settings_files=off rect -c rect
Info (11104): Parallel Compilation has detected 8 hyper-threaded processors. However, the extra hyper-threaded processors will not be used by default. Parallel Compilation will use 4 of the 4 physical processors detected instead.
Info (12021): Found 1 design units, including 1 entities, in source file rect.bdf
    Info (12023): Found entity 1: rect
Info (12021): Found 1 design units, including 1 entities, in source file sync_adder.v
    Info (12023): Found entity 1: sync_adder
Info (12021): Found 3 design units, including 3 entities, in source file get_square_intensity.v
    Info (12023): Found entity 1: get_square_intensity_core_fsm
    Info (12023): Found entity 2: get_square_intensity_core
    Info (12023): Found entity 3: get_square_intensity
Info (12021): Found 20 design units, including 20 entities, in source file rtl_mgc_ioport.v
    Info (12023): Found entity 1: mgc_in_wire
    Info (12023): Found entity 2: mgc_in_wire_en
    Info (12023): Found entity 3: mgc_in_wire_wait
    Info (12023): Found entity 4: mgc_chan_in
    Info (12023): Found entity 5: mgc_out_stdreg
    Info (12023): Found entity 6: mgc_out_stdreg_en
    Info (12023): Found entity 7: mgc_out_stdreg_wait
    Info (12023): Found entity 8: mgc_out_prereg_en
    Info (12023): Found entity 9: mgc_inout_stdreg_en
    Info (12023): Found entity 10: hid_tribuf
    Info (12023): Found entity 11: mgc_inout_stdreg_wait
    Info (12023): Found entity 12: mgc_inout_buf_wait
    Info (12023): Found entity 13: mgc_inout_fifo_wait
    Info (12023): Found entity 14: mgc_io_sync
    Info (12023): Found entity 15: mgc_bsync_rdy
    Info (12023): Found entity 16: mgc_bsync_vld
    Info (12023): Found entity 17: mgc_bsync_rv
    Info (12023): Found entity 18: mgc_sync
    Info (12023): Found entity 19: funccall_inout
    Info (12023): Found entity 20: modulario_en_in
Info (12127): Elaborating entity "rect" for the top level hierarchy
Info (12128): Elaborating entity "sync_adder" for hierarchy "sync_adder:inst"
Info (12128): Elaborating entity "get_square_intensity" for hierarchy "get_square_intensity:inst2"
Info (12128): Elaborating entity "mgc_in_wire" for hierarchy "get_square_intensity:inst2|mgc_in_wire:vga_xy_rsc_mgc_in_wire"
Info (12128): Elaborating entity "mgc_in_wire" for hierarchy "get_square_intensity:inst2|mgc_in_wire:x_top_left_rsc_mgc_in_wire"
Info (12128): Elaborating entity "mgc_in_wire" for hierarchy "get_square_intensity:inst2|mgc_in_wire:y_top_left_rsc_mgc_in_wire"
Info (12128): Elaborating entity "mgc_in_wire" for hierarchy "get_square_intensity:inst2|mgc_in_wire:width_rsc_mgc_in_wire"
Info (12128): Elaborating entity "mgc_in_wire" for hierarchy "get_square_intensity:inst2|mgc_in_wire:height_rsc_mgc_in_wire"
Info (12128): Elaborating entity "mgc_in_wire" for hierarchy "get_square_intensity:inst2|mgc_in_wire:video_in_rsc_mgc_in_wire"
Info (12128): Elaborating entity "mgc_out_stdreg" for hierarchy "get_square_intensity:inst2|mgc_out_stdreg:white_or_not_rsc_mgc_out_stdreg"
Info (12128): Elaborating entity "mgc_out_stdreg" for hierarchy "get_square_intensity:inst2|mgc_out_stdreg:last_pixel_rsc_mgc_out_stdreg"
Info (12128): Elaborating entity "get_square_intensity_core" for hierarchy "get_square_intensity:inst2|get_square_intensity_core:get_square_intensity_core_inst"
Info (12128): Elaborating entity "get_square_intensity_core_fsm" for hierarchy "get_square_intensity:inst2|get_square_intensity_core:get_square_intensity_core_inst|get_square_intensity_core_fsm:get_square_intensity_core_fsm_inst"
Info (286030): Timing-Driven Synthesis is running
Info (17049): 2 registers lost all their fanouts during netlist optimizations.
Info (16010): Generating hard_block partition "hard_block:auto_generated_inst"
    Info (16011): Adding 0 node(s), including 0 DDIO, 0 PLL, 0 transceiver and 0 LCELL
Warning (21074): Design contains 330 input pin(s) that do not drive logic
    Warning (15610): No output dependent on input pin "x_top_left[309]"
    Warning (15610): No output dependent on input pin "x_top_left[308]"
    Warning (15610): No output dependent on input pin "x_top_left[307]"
    Warning (15610): No output dependent on input pin "x_top_left[306]"
    Warning (15610): No output dependent on input pin "x_top_left[305]"
    Warning (15610): No output dependent on input pin "x_top_left[304]"
    Warning (15610): No output dependent on input pin "x_top_left[303]"
    Warning (15610): No output dependent on input pin "x_top_left[302]"
    Warning (15610): No output dependent on input pin "x_top_left[301]"
    Warning (15610): No output dependent on input pin "x_top_left[300]"
    Warning (15610): No output dependent on input pin "x_top_left[299]"
    Warning (15610): No output dependent on input pin "x_top_left[298]"
    Warning (15610): No output dependent on input pin "x_top_left[297]"
    Warning (15610): No output dependent on input pin "x_top_left[296]"
    Warning (15610): No output dependent on input pin "x_top_left[295]"
    Warning (15610): No output dependent on input pin "x_top_left[294]"
    Warning (15610): No output dependent on input pin "x_top_left[293]"
    Warning (15610): No output dependent on input pin "x_top_left[292]"
    Warning (15610): No output dependent on input pin "x_top_left[291]"
    Warning (15610): No output dependent on input pin "x_top_left[290]"
    Warning (15610): No output dependent on input pin "x_top_left[289]"
    Warning (15610): No output dependent on input pin "x_top_left[288]"
    Warning (15610): No output dependent on input pin "x_top_left[287]"
    Warning (15610): No output dependent on input pin "x_top_left[286]"
    Warning (15610): No output dependent on input pin "x_top_left[285]"
    Warning (15610): No output dependent on input pin "x_top_left[284]"
    Warning (15610): No output dependent on input pin "x_top_left[283]"
    Warning (15610): No output dependent on input pin "x_top_left[282]"
    Warning (15610): No output dependent on input pin "x_top_left[281]"
    Warning (15610): No output dependent on input pin "x_top_left[280]"
    Warning (15610): No output dependent on input pin "x_top_left[279]"
    Warning (15610): No output dependent on input pin "x_top_left[278]"
    Warning (15610): No output dependent on input pin "x_top_left[277]"
    Warning (15610): No output dependent on input pin "x_top_left[276]"
    Warning (15610): No output dependent on input pin "x_top_left[275]"
    Warning (15610): No output dependent on input pin "x_top_left[274]"
    Warning (15610): No output dependent on input pin "x_top_left[273]"
    Warning (15610): No output dependent on input pin "x_top_left[272]"
    Warning (15610): No output dependent on input pin "x_top_left[271]"
    Warning (15610): No output dependent on input pin "x_top_left[270]"
    Warning (15610): No output dependent on input pin "x_top_left[269]"
    Warning (15610): No output dependent on input pin "x_top_left[268]"
    Warning (15610): No output dependent on input pin "x_top_left[267]"
    Warning (15610): No output dependent on input pin "x_top_left[266]"
    Warning (15610): No output dependent on input pin "x_top_left[265]"
    Warning (15610): No output dependent on input pin "x_top_left[264]"
    Warning (15610): No output dependent on input pin "x_top_left[263]"
    Warning (15610): No output dependent on input pin "x_top_left[262]"
    Warning (15610): No output dependent on input pin "x_top_left[261]"
    Warning (15610): No output dependent on input pin "x_top_left[260]"
    Warning (15610): No output dependent on input pin "x_top_left[259]"
    Warning (15610): No output dependent on input pin "x_top_left[258]"
    Warning (15610): No output dependent on input pin "x_top_left[257]"
    Warning (15610): No output dependent on input pin "x_top_left[256]"
    Warning (15610): No output dependent on input pin "x_top_left[255]"
    Warning (15610): No output dependent on input pin "x_top_left[254]"
    Warning (15610): No output dependent on input pin "x_top_left[253]"
    Warning (15610): No output dependent on input pin "x_top_left[252]"
    Warning (15610): No output dependent on input pin "x_top_left[251]"
    Warning (15610): No output dependent on input pin "x_top_left[250]"
    Warning (15610): No output dependent on input pin "x_top_left[249]"
    Warning (15610): No output dependent on input pin "x_top_left[248]"
    Warning (15610): No output dependent on input pin "x_top_left[247]"
    Warning (15610): No output dependent on input pin "x_top_left[246]"
    Warning (15610): No output dependent on input pin "x_top_left[245]"
    Warning (15610): No output dependent on input pin "x_top_left[244]"
    Warning (15610): No output dependent on input pin "x_top_left[243]"
    Warning (15610): No output dependent on input pin "x_top_left[242]"
    Warning (15610): No output dependent on input pin "x_top_left[241]"
    Warning (15610): No output dependent on input pin "x_top_left[240]"
    Warning (15610): No output dependent on input pin "x_top_left[239]"
    Warning (15610): No output dependent on input pin "x_top_left[238]"
    Warning (15610): No output dependent on input pin "x_top_left[237]"
    Warning (15610): No output dependent on input pin "x_top_left[236]"
    Warning (15610): No output dependent on input pin "x_top_left[235]"
    Warning (15610): No output dependent on input pin "x_top_left[234]"
    Warning (15610): No output dependent on input pin "x_top_left[233]"
    Warning (15610): No output dependent on input pin "x_top_left[232]"
    Warning (15610): No output dependent on input pin "x_top_left[231]"
    Warning (15610): No output dependent on input pin "x_top_left[230]"
    Warning (15610): No output dependent on input pin "x_top_left[229]"
    Warning (15610): No output dependent on input pin "x_top_left[228]"
    Warning (15610): No output dependent on input pin "x_top_left[227]"
    Warning (15610): No output dependent on input pin "x_top_left[226]"
    Warning (15610): No output dependent on input pin "x_top_left[225]"
    Warning (15610): No output dependent on input pin "x_top_left[224]"
    Warning (15610): No output dependent on input pin "x_top_left[223]"
    Warning (15610): No output dependent on input pin "x_top_left[222]"
    Warning (15610): No output dependent on input pin "x_top_left[221]"
    Warning (15610): No output dependent on input pin "x_top_left[220]"
    Warning (15610): No output dependent on input pin "x_top_left[219]"
    Warning (15610): No output dependent on input pin "x_top_left[218]"
    Warning (15610): No output dependent on input pin "x_top_left[217]"
    Warning (15610): No output dependent on input pin "x_top_left[216]"
    Warning (15610): No output dependent on input pin "x_top_left[215]"
    Warning (15610): No output dependent on input pin "x_top_left[214]"
    Warning (15610): No output dependent on input pin "x_top_left[213]"
    Warning (15610): No output dependent on input pin "x_top_left[212]"
    Warning (15610): No output dependent on input pin "x_top_left[211]"
    Warning (15610): No output dependent on input pin "x_top_left[210]"
    Warning (15610): No output dependent on input pin "x_top_left[209]"
    Warning (15610): No output dependent on input pin "x_top_left[208]"
    Warning (15610): No output dependent on input pin "x_top_left[207]"
    Warning (15610): No output dependent on input pin "x_top_left[206]"
    Warning (15610): No output dependent on input pin "x_top_left[205]"
    Warning (15610): No output dependent on input pin "x_top_left[204]"
    Warning (15610): No output dependent on input pin "x_top_left[203]"
    Warning (15610): No output dependent on input pin "x_top_left[202]"
    Warning (15610): No output dependent on input pin "x_top_left[201]"
    Warning (15610): No output dependent on input pin "x_top_left[200]"
    Warning (15610): No output dependent on input pin "x_top_left[199]"
    Warning (15610): No output dependent on input pin "x_top_left[198]"
    Warning (15610): No output dependent on input pin "x_top_left[197]"
    Warning (15610): No output dependent on input pin "x_top_left[196]"
    Warning (15610): No output dependent on input pin "x_top_left[195]"
    Warning (15610): No output dependent on input pin "x_top_left[194]"
    Warning (15610): No output dependent on input pin "x_top_left[193]"
    Warning (15610): No output dependent on input pin "x_top_left[192]"
    Warning (15610): No output dependent on input pin "x_top_left[191]"
    Warning (15610): No output dependent on input pin "x_top_left[190]"
    Warning (15610): No output dependent on input pin "x_top_left[189]"
    Warning (15610): No output dependent on input pin "x_top_left[188]"
    Warning (15610): No output dependent on input pin "x_top_left[187]"
    Warning (15610): No output dependent on input pin "x_top_left[186]"
    Warning (15610): No output dependent on input pin "x_top_left[185]"
    Warning (15610): No output dependent on input pin "x_top_left[184]"
    Warning (15610): No output dependent on input pin "x_top_left[183]"
    Warning (15610): No output dependent on input pin "x_top_left[182]"
    Warning (15610): No output dependent on input pin "x_top_left[181]"
    Warning (15610): No output dependent on input pin "x_top_left[180]"
    Warning (15610): No output dependent on input pin "x_top_left[179]"
    Warning (15610): No output dependent on input pin "x_top_left[178]"
    Warning (15610): No output dependent on input pin "x_top_left[177]"
    Warning (15610): No output dependent on input pin "x_top_left[176]"
    Warning (15610): No output dependent on input pin "x_top_left[175]"
    Warning (15610): No output dependent on input pin "x_top_left[174]"
    Warning (15610): No output dependent on input pin "x_top_left[173]"
    Warning (15610): No output dependent on input pin "x_top_left[172]"
    Warning (15610): No output dependent on input pin "x_top_left[171]"
    Warning (15610): No output dependent on input pin "x_top_left[170]"
    Warning (15610): No output dependent on input pin "x_top_left[169]"
    Warning (15610): No output dependent on input pin "x_top_left[168]"
    Warning (15610): No output dependent on input pin "x_top_left[167]"
    Warning (15610): No output dependent on input pin "x_top_left[166]"
    Warning (15610): No output dependent on input pin "x_top_left[165]"
    Warning (15610): No output dependent on input pin "x_top_left[164]"
    Warning (15610): No output dependent on input pin "x_top_left[163]"
    Warning (15610): No output dependent on input pin "x_top_left[162]"
    Warning (15610): No output dependent on input pin "x_top_left[161]"
    Warning (15610): No output dependent on input pin "x_top_left[160]"
    Warning (15610): No output dependent on input pin "x_top_left[159]"
    Warning (15610): No output dependent on input pin "x_top_left[158]"
    Warning (15610): No output dependent on input pin "x_top_left[157]"
    Warning (15610): No output dependent on input pin "x_top_left[156]"
    Warning (15610): No output dependent on input pin "x_top_left[155]"
    Warning (15610): No output dependent on input pin "x_top_left[154]"
    Warning (15610): No output dependent on input pin "x_top_left[153]"
    Warning (15610): No output dependent on input pin "x_top_left[152]"
    Warning (15610): No output dependent on input pin "x_top_left[151]"
    Warning (15610): No output dependent on input pin "x_top_left[150]"
    Warning (15610): No output dependent on input pin "x_top_left[149]"
    Warning (15610): No output dependent on input pin "x_top_left[148]"
    Warning (15610): No output dependent on input pin "x_top_left[147]"
    Warning (15610): No output dependent on input pin "x_top_left[146]"
    Warning (15610): No output dependent on input pin "x_top_left[145]"
    Warning (15610): No output dependent on input pin "x_top_left[144]"
    Warning (15610): No output dependent on input pin "x_top_left[143]"
    Warning (15610): No output dependent on input pin "x_top_left[142]"
    Warning (15610): No output dependent on input pin "x_top_left[141]"
    Warning (15610): No output dependent on input pin "x_top_left[140]"
    Warning (15610): No output dependent on input pin "x_top_left[139]"
    Warning (15610): No output dependent on input pin "x_top_left[138]"
    Warning (15610): No output dependent on input pin "x_top_left[137]"
    Warning (15610): No output dependent on input pin "x_top_left[136]"
    Warning (15610): No output dependent on input pin "x_top_left[135]"
    Warning (15610): No output dependent on input pin "x_top_left[134]"
    Warning (15610): No output dependent on input pin "x_top_left[133]"
    Warning (15610): No output dependent on input pin "x_top_left[132]"
    Warning (15610): No output dependent on input pin "x_top_left[131]"
    Warning (15610): No output dependent on input pin "x_top_left[130]"
    Warning (15610): No output dependent on input pin "x_top_left[129]"
    Warning (15610): No output dependent on input pin "x_top_left[128]"
    Warning (15610): No output dependent on input pin "x_top_left[127]"
    Warning (15610): No output dependent on input pin "x_top_left[126]"
    Warning (15610): No output dependent on input pin "x_top_left[125]"
    Warning (15610): No output dependent on input pin "x_top_left[124]"
    Warning (15610): No output dependent on input pin "x_top_left[123]"
    Warning (15610): No output dependent on input pin "x_top_left[122]"
    Warning (15610): No output dependent on input pin "x_top_left[121]"
    Warning (15610): No output dependent on input pin "x_top_left[120]"
    Warning (15610): No output dependent on input pin "x_top_left[119]"
    Warning (15610): No output dependent on input pin "x_top_left[118]"
    Warning (15610): No output dependent on input pin "x_top_left[117]"
    Warning (15610): No output dependent on input pin "x_top_left[116]"
    Warning (15610): No output dependent on input pin "x_top_left[115]"
    Warning (15610): No output dependent on input pin "x_top_left[114]"
    Warning (15610): No output dependent on input pin "x_top_left[113]"
    Warning (15610): No output dependent on input pin "x_top_left[112]"
    Warning (15610): No output dependent on input pin "x_top_left[111]"
    Warning (15610): No output dependent on input pin "x_top_left[110]"
    Warning (15610): No output dependent on input pin "x_top_left[109]"
    Warning (15610): No output dependent on input pin "x_top_left[108]"
    Warning (15610): No output dependent on input pin "x_top_left[107]"
    Warning (15610): No output dependent on input pin "x_top_left[106]"
    Warning (15610): No output dependent on input pin "x_top_left[105]"
    Warning (15610): No output dependent on input pin "x_top_left[104]"
    Warning (15610): No output dependent on input pin "x_top_left[103]"
    Warning (15610): No output dependent on input pin "x_top_left[102]"
    Warning (15610): No output dependent on input pin "x_top_left[101]"
    Warning (15610): No output dependent on input pin "x_top_left[100]"
    Warning (15610): No output dependent on input pin "x_top_left[99]"
    Warning (15610): No output dependent on input pin "x_top_left[98]"
    Warning (15610): No output dependent on input pin "x_top_left[97]"
    Warning (15610): No output dependent on input pin "x_top_left[96]"
    Warning (15610): No output dependent on input pin "x_top_left[95]"
    Warning (15610): No output dependent on input pin "x_top_left[94]"
    Warning (15610): No output dependent on input pin "x_top_left[93]"
    Warning (15610): No output dependent on input pin "x_top_left[92]"
    Warning (15610): No output dependent on input pin "x_top_left[91]"
    Warning (15610): No output dependent on input pin "x_top_left[90]"
    Warning (15610): No output dependent on input pin "x_top_left[89]"
    Warning (15610): No output dependent on input pin "x_top_left[88]"
    Warning (15610): No output dependent on input pin "x_top_left[87]"
    Warning (15610): No output dependent on input pin "x_top_left[86]"
    Warning (15610): No output dependent on input pin "x_top_left[85]"
    Warning (15610): No output dependent on input pin "x_top_left[84]"
    Warning (15610): No output dependent on input pin "x_top_left[83]"
    Warning (15610): No output dependent on input pin "x_top_left[82]"
    Warning (15610): No output dependent on input pin "x_top_left[81]"
    Warning (15610): No output dependent on input pin "x_top_left[80]"
    Warning (15610): No output dependent on input pin "x_top_left[79]"
    Warning (15610): No output dependent on input pin "x_top_left[78]"
    Warning (15610): No output dependent on input pin "x_top_left[77]"
    Warning (15610): No output dependent on input pin "x_top_left[76]"
    Warning (15610): No output dependent on input pin "x_top_left[75]"
    Warning (15610): No output dependent on input pin "x_top_left[74]"
    Warning (15610): No output dependent on input pin "x_top_left[73]"
    Warning (15610): No output dependent on input pin "x_top_left[72]"
    Warning (15610): No output dependent on input pin "x_top_left[71]"
    Warning (15610): No output dependent on input pin "x_top_left[70]"
    Warning (15610): No output dependent on input pin "x_top_left[69]"
    Warning (15610): No output dependent on input pin "x_top_left[68]"
    Warning (15610): No output dependent on input pin "x_top_left[67]"
    Warning (15610): No output dependent on input pin "x_top_left[66]"
    Warning (15610): No output dependent on input pin "x_top_left[65]"
    Warning (15610): No output dependent on input pin "x_top_left[64]"
    Warning (15610): No output dependent on input pin "x_top_left[63]"
    Warning (15610): No output dependent on input pin "x_top_left[62]"
    Warning (15610): No output dependent on input pin "x_top_left[61]"
    Warning (15610): No output dependent on input pin "x_top_left[60]"
    Warning (15610): No output dependent on input pin "x_top_left[59]"
    Warning (15610): No output dependent on input pin "x_top_left[58]"
    Warning (15610): No output dependent on input pin "x_top_left[57]"
    Warning (15610): No output dependent on input pin "x_top_left[56]"
    Warning (15610): No output dependent on input pin "x_top_left[55]"
    Warning (15610): No output dependent on input pin "x_top_left[54]"
    Warning (15610): No output dependent on input pin "x_top_left[53]"
    Warning (15610): No output dependent on input pin "x_top_left[52]"
    Warning (15610): No output dependent on input pin "x_top_left[51]"
    Warning (15610): No output dependent on input pin "x_top_left[50]"
    Warning (15610): No output dependent on input pin "x_top_left[49]"
    Warning (15610): No output dependent on input pin "x_top_left[48]"
    Warning (15610): No output dependent on input pin "x_top_left[47]"
    Warning (15610): No output dependent on input pin "x_top_left[46]"
    Warning (15610): No output dependent on input pin "x_top_left[45]"
    Warning (15610): No output dependent on input pin "x_top_left[44]"
    Warning (15610): No output dependent on input pin "x_top_left[43]"
    Warning (15610): No output dependent on input pin "x_top_left[42]"
    Warning (15610): No output dependent on input pin "x_top_left[41]"
    Warning (15610): No output dependent on input pin "x_top_left[40]"
    Warning (15610): No output dependent on input pin "x_top_left[39]"
    Warning (15610): No output dependent on input pin "x_top_left[38]"
    Warning (15610): No output dependent on input pin "x_top_left[37]"
    Warning (15610): No output dependent on input pin "x_top_left[36]"
    Warning (15610): No output dependent on input pin "x_top_left[35]"
    Warning (15610): No output dependent on input pin "x_top_left[34]"
    Warning (15610): No output dependent on input pin "x_top_left[33]"
    Warning (15610): No output dependent on input pin "x_top_left[32]"
    Warning (15610): No output dependent on input pin "x_top_left[31]"
    Warning (15610): No output dependent on input pin "x_top_left[30]"
    Warning (15610): No output dependent on input pin "x_top_left[29]"
    Warning (15610): No output dependent on input pin "x_top_left[28]"
    Warning (15610): No output dependent on input pin "x_top_left[27]"
    Warning (15610): No output dependent on input pin "x_top_left[26]"
    Warning (15610): No output dependent on input pin "x_top_left[25]"
    Warning (15610): No output dependent on input pin "x_top_left[24]"
    Warning (15610): No output dependent on input pin "x_top_left[23]"
    Warning (15610): No output dependent on input pin "x_top_left[22]"
    Warning (15610): No output dependent on input pin "x_top_left[21]"
    Warning (15610): No output dependent on input pin "x_top_left[20]"
    Warning (15610): No output dependent on input pin "x_top_left[19]"
    Warning (15610): No output dependent on input pin "x_top_left[18]"
    Warning (15610): No output dependent on input pin "x_top_left[17]"
    Warning (15610): No output dependent on input pin "x_top_left[16]"
    Warning (15610): No output dependent on input pin "x_top_left[15]"
    Warning (15610): No output dependent on input pin "x_top_left[14]"
    Warning (15610): No output dependent on input pin "x_top_left[13]"
    Warning (15610): No output dependent on input pin "x_top_left[12]"
    Warning (15610): No output dependent on input pin "x_top_left[11]"
    Warning (15610): No output dependent on input pin "x_top_left[10]"
    Warning (15610): No output dependent on input pin "y_top_left[39]"
    Warning (15610): No output dependent on input pin "y_top_left[38]"
    Warning (15610): No output dependent on input pin "y_top_left[37]"
    Warning (15610): No output dependent on input pin "y_top_left[36]"
    Warning (15610): No output dependent on input pin "y_top_left[35]"
    Warning (15610): No output dependent on input pin "y_top_left[34]"
    Warning (15610): No output dependent on input pin "y_top_left[33]"
    Warning (15610): No output dependent on input pin "y_top_left[32]"
    Warning (15610): No output dependent on input pin "y_top_left[31]"
    Warning (15610): No output dependent on input pin "y_top_left[30]"
    Warning (15610): No output dependent on input pin "y_top_left[29]"
    Warning (15610): No output dependent on input pin "y_top_left[28]"
    Warning (15610): No output dependent on input pin "y_top_left[27]"
    Warning (15610): No output dependent on input pin "y_top_left[26]"
    Warning (15610): No output dependent on input pin "y_top_left[25]"
    Warning (15610): No output dependent on input pin "y_top_left[24]"
    Warning (15610): No output dependent on input pin "y_top_left[23]"
    Warning (15610): No output dependent on input pin "y_top_left[22]"
    Warning (15610): No output dependent on input pin "y_top_left[21]"
    Warning (15610): No output dependent on input pin "y_top_left[20]"
    Warning (15610): No output dependent on input pin "y_top_left[19]"
    Warning (15610): No output dependent on input pin "y_top_left[18]"
    Warning (15610): No output dependent on input pin "y_top_left[17]"
    Warning (15610): No output dependent on input pin "y_top_left[16]"
    Warning (15610): No output dependent on input pin "y_top_left[15]"
    Warning (15610): No output dependent on input pin "y_top_left[14]"
    Warning (15610): No output dependent on input pin "y_top_left[13]"
    Warning (15610): No output dependent on input pin "y_top_left[12]"
    Warning (15610): No output dependent on input pin "y_top_left[11]"
    Warning (15610): No output dependent on input pin "y_top_left[10]"
Info (21057): Implemented 1096 device resources after synthesis - the final resource count might be different
    Info (21058): Implemented 444 input pins
    Info (21059): Implemented 2 output pins
    Info (21061): Implemented 650 logic cells
Info: Quartus II 64-Bit Analysis & Synthesis was successful. 0 errors, 331 warnings
    Info: Peak virtual memory: 463 megabytes
    Info: Processing ended: Sun May 08 16:21:38 2016
    Info: Elapsed time: 00:00:10
    Info: Total CPU time (on all processors): 00:00:09


